
  .   ____          _            __ _ _
 /\\ / ___'_ __ _ _(_)_ __  __ _ \ \ \ \
( ( )\___ | '_ | '_| | '_ \/ _` | \ \ \ \
 \\/  ___)| |_)| | | | | || (_| |  ) ) ) )
  '  |____| .__|_| |_|_| |_\__, | / / / /
 =========|_|==============|___/=/_/_/_/

 :: Spring Boot ::                (v4.1.0)

2026-08-04T21:19:02.191+07:00  INFO 23012 --- [admin] [           main] com.pte.admin.AdminApplication           : Starting AdminApplication v0.0.1-SNAPSHOT using Java 21.0.12 with PID 23012 (D:\FPT\9thSemester\pte\pte-api\services\admin\target\admin-0.0.1-SNAPSHOT.jar started by Lenovo in D:\FPT\9thSemester\pte\pte-api\services\admin)
2026-08-04T21:19:02.198+07:00  INFO 23012 --- [admin] [           main] com.pte.admin.AdminApplication           : No active profile set, falling back to 1 default profile: "default"
2026-08-04T21:19:03.125+07:00  INFO 23012 --- [admin] [           main] .s.d.r.c.RepositoryConfigurationDelegate : Bootstrapping Spring Data JPA repositories in DEFAULT mode.
2026-08-04T21:19:03.170+07:00  INFO 23012 --- [admin] [           main] .s.d.r.c.RepositoryConfigurationDelegate : Finished Spring Data repository scanning in 37 ms. Found 2 JPA repository interfaces.
2026-08-04T21:19:03.897+07:00  INFO 23012 --- [admin] [           main] o.s.boot.tomcat.TomcatWebServer          : Tomcat initialized with port 8082 (http)
2026-08-04T21:19:03.910+07:00  INFO 23012 --- [admin] [           main] o.apache.catalina.core.StandardService   : Starting service [Tomcat]
2026-08-04T21:19:03.910+07:00  INFO 23012 --- [admin] [           main] o.apache.catalina.core.StandardEngine    : Starting Servlet engine: [Apache Tomcat/11.0.22]
2026-08-04T21:19:03.945+07:00  INFO 23012 --- [admin] [           main] b.w.c.s.WebApplicationContextInitializer : Root WebApplicationContext: initialization completed in 1682 ms
2026-08-04T21:19:04.248+07:00  INFO 23012 --- [admin] [           main] org.hibernate.orm.jpa                    : HHH008540: Processing PersistenceUnitInfo [name: default]
2026-08-04T21:19:04.347+07:00  INFO 23012 --- [admin] [           main] org.hibernate.orm.core                   : HHH000001: Hibernate ORM core version 7.4.1.Final
2026-08-04T21:19:04.969+07:00  INFO 23012 --- [admin] [           main] o.s.o.j.p.SpringPersistenceUnitInfo      : No LoadTimeWeaver setup: ignoring JPA class transformer
2026-08-04T21:19:05.016+07:00  INFO 23012 --- [admin] [           main] com.zaxxer.hikari.HikariDataSource       : HikariPool-1 - Starting...
2026-08-04T21:19:05.296+07:00  INFO 23012 --- [admin] [           main] com.zaxxer.hikari.pool.HikariPool        : HikariPool-1 - Added connection org.postgresql.jdbc.PgConnection@507f7cd1
2026-08-04T21:19:05.298+07:00  INFO 23012 --- [admin] [           main] com.zaxxer.hikari.HikariDataSource       : HikariPool-1 - Start completed.
2026-08-04T21:19:05.394+07:00  INFO 23012 --- [admin] [           main] org.hibernate.orm.connections.pooling    : HHH10001005: Database info:
	Database JDBC URL [jdbc:postgresql://localhost:5432/admin]
	Database driver: PostgreSQL JDBC Driver
	Database dialect: PostgreSQLDialect
	Database version: 17.10
	Default catalog/schema: admin/public
	Autocommit mode: undefined/unknown
	Isolation level: READ_COMMITTED [default READ_COMMITTED]
	JDBC fetch size: none
	Pool: DataSourceConnectionProvider
	Minimum pool size: undefined/unknown
	Maximum pool size: undefined/unknown
2026-08-04T21:19:06.586+07:00  INFO 23012 --- [admin] [           main] org.hibernate.orm.core                   : HHH000489: No JTA platform available (set 'hibernate.transaction.jta.platform' to enable JTA platform integration)
2026-08-04T21:19:06.686+07:00  INFO 23012 --- [admin] [           main] j.LocalContainerEntityManagerFactoryBean : Initialized JPA EntityManagerFactory for persistence unit 'default'
2026-08-04T21:19:06.779+07:00  INFO 23012 --- [admin] [           main] o.s.d.j.r.query.QueryEnhancerFactories   : Hibernate is in classpath; If applicable, HQL parser will be used.
2026-08-04T21:19:07.493+07:00  WARN 23012 --- [admin] [           main] ConfigServletWebServerApplicationContext : Exception encountered during context initialization - cancelling refresh attempt: org.springframework.beans.factory.UnsatisfiedDependencyException: Error creating bean with name 'tenantController' defined in URL [jar:nested:/D:/FPT/9thSemester/pte/pte-api/services/admin/target/admin-0.0.1-SNAPSHOT.jar/!BOOT-INF/classes/!/com/pte/admin/controller/TenantController.class]: Unsatisfied dependency expressed through constructor parameter 0: Error creating bean with name 'tenantLifecycleService' defined in URL [jar:nested:/D:/FPT/9thSemester/pte/pte-api/services/admin/target/admin-0.0.1-SNAPSHOT.jar/!BOOT-INF/classes/!/com/pte/admin/service/TenantLifecycleService.class]: Unsatisfied dependency expressed through constructor parameter 1: Error creating bean with name 'outboxWriter' defined in URL [jar:nested:/D:/FPT/9thSemester/pte/pte-api/services/admin/target/admin-0.0.1-SNAPSHOT.jar/!BOOT-INF/classes/!/com/pte/admin/messaging/outbox/OutboxWriter.class]: Unsatisfied dependency expressed through constructor parameter 1: No qualifying bean of type 'com.fasterxml.jackson.databind.ObjectMapper' available: expected at least 1 bean which qualifies as autowire candidate. Dependency annotations: {}
2026-08-04T21:19:07.494+07:00  INFO 23012 --- [admin] [           main] j.LocalContainerEntityManagerFactoryBean : Closing JPA EntityManagerFactory for persistence unit 'default'
2026-08-04T21:19:07.497+07:00  INFO 23012 --- [admin] [           main] com.zaxxer.hikari.HikariDataSource       : HikariPool-1 - Shutdown initiated...
2026-08-04T21:19:07.500+07:00  INFO 23012 --- [admin] [           main] com.zaxxer.hikari.HikariDataSource       : HikariPool-1 - Shutdown completed.
2026-08-04T21:19:07.504+07:00  INFO 23012 --- [admin] [           main] o.apache.catalina.core.StandardService   : Stopping service [Tomcat]
2026-08-04T21:19:07.518+07:00  INFO 23012 --- [admin] [           main] .s.b.a.l.ConditionEvaluationReportLogger : 

Error starting ApplicationContext. To display the condition evaluation report re-run your application with 'debug' enabled.
2026-08-04T21:19:07.536+07:00 ERROR 23012 --- [admin] [           main] o.s.b.d.LoggingFailureAnalysisReporter   : 

***************************
APPLICATION FAILED TO START
***************************

Description:

Parameter 1 of constructor in com.pte.admin.messaging.outbox.OutboxWriter required a bean of type 'com.fasterxml.jackson.databind.ObjectMapper' that could not be found.


Action:

Consider defining a bean of type 'com.fasterxml.jackson.databind.ObjectMapper' in your configuration.

