[INFO] Scanning for projects...
[INFO] 
[INFO] ------------------------< com.aptis:aptis-api >-------------------------
[INFO] Building  0.0.1-SNAPSHOT
[INFO]   from pom.xml
[INFO] --------------------------------[ jar ]---------------------------------
[INFO] 
[INFO] --- clean:3.5.0:clean (default-clean) @ aptis-api ---
[INFO] Deleting D:\GitHub\aptis\aptis-api\target
[INFO] 
[INFO] --- resources:3.5.0:resources (default-resources) @ aptis-api ---
[INFO] Copying 1 resource from src\main\resources to target\classes
[INFO] Copying 8 resources from src\main\resources to target\classes
[INFO] 
[INFO] --- compiler:3.15.0:compile (default-compile) @ aptis-api ---
[INFO] Recompiling the module because of changed source code.
[INFO] Compiling 221 source files with javac [debug parameters release 21] to target\classes
WARNING: A terminally deprecated method in sun.misc.Unsafe has been called
WARNING: sun.misc.Unsafe::objectFieldOffset has been called by lombok.permit.Permit
WARNING: Please consider reporting this to the maintainers of class lombok.permit.Permit
WARNING: sun.misc.Unsafe::objectFieldOffset will be removed in a future release
[INFO] 
[INFO] --- resources:3.5.0:testResources (default-testResources) @ aptis-api ---
[INFO] Copying 0 resource from src\test\resources to target\test-classes
[INFO] 
[INFO] --- compiler:3.15.0:testCompile (default-testCompile) @ aptis-api ---
[INFO] Recompiling the module because of changed dependency.
[INFO] Compiling 15 source files with javac [debug parameters release 21] to target\test-classes
[INFO] Some messages have been simplified; recompile with -Xdiags:verbose to get full output
[INFO] -------------------------------------------------------------
[ERROR] COMPILATION ERROR : 
[INFO] -------------------------------------------------------------
[ERROR] /D:/GitHub/aptis/aptis-api/src/test/java/com/aptis/modules/examdelivery/ExamAttemptControllerAndServiceTest.java:[52,53] incompatible types: com.aptis.modules.examdelivery.repository.ExamAttemptRepository cannot be converted to com.aptis.modules.examdelivery.repository.AttemptAnswerRepository
[ERROR] /D:/GitHub/aptis/aptis-api/src/test/java/com/aptis/modules/examdelivery/ExamAttemptControllerAndServiceTest.java:[53,33] constructor ExamAttemptController in class com.aptis.modules.examdelivery.controller.ExamAttemptController cannot be applied to given types;
  required: com.aptis.modules.examdelivery.service.ExamAttemptService,com.aptis.modules.examdelivery.service.ExamContentDeliveryService,com.aptis.modules.examdelivery.service.ExamAttemptAccessGuard,com.aptis.modules.storage.interfaces.StorageService
  found:    com.aptis.modules.examdelivery.service.ExamAttemptService,com.aptis.modules.storage.interfaces.StorageService
  reason: actual and formal argument lists differ in length
[ERROR] /D:/GitHub/aptis/aptis-api/src/test/java/com/aptis/modules/examdelivery/ExamAttemptControllerAndServiceTest.java:[68,27] method submitAnswer in class com.aptis.modules.examdelivery.service.ExamAttemptService cannot be applied to given types;
  required: java.lang.Long,com.aptis.modules.examdelivery.dto.SubmitAnswerRequest,com.aptis.common.security.JwtPrincipal
  found:    java.lang.Long,com.aptis.modules.examdelivery.dto.SubmitAnswerRequest
  reason: actual and formal argument lists differ in length
[ERROR] /D:/GitHub/aptis/aptis-api/src/test/java/com/aptis/modules/examdelivery/ExamAttemptControllerAndServiceTest.java:[88,27] method submitAnswer in class com.aptis.modules.examdelivery.service.ExamAttemptService cannot be applied to given types;
  required: java.lang.Long,com.aptis.modules.examdelivery.dto.SubmitAnswerRequest,com.aptis.common.security.JwtPrincipal
  found:    java.lang.Long,com.aptis.modules.examdelivery.dto.SubmitAnswerRequest
  reason: actual and formal argument lists differ in length
[ERROR] /D:/GitHub/aptis/aptis-api/src/test/java/com/aptis/modules/examdelivery/ExamAttemptControllerAndServiceTest.java:[108,35] method submitAnswer in class com.aptis.modules.examdelivery.service.ExamAttemptService cannot be applied to given types;
  required: java.lang.Long,com.aptis.modules.examdelivery.dto.SubmitAnswerRequest,com.aptis.common.security.JwtPrincipal
  found:    java.lang.Long,com.aptis.modules.examdelivery.dto.SubmitAnswerRequest
  reason: actual and formal argument lists differ in length
[ERROR] /D:/GitHub/aptis/aptis-api/src/test/java/com/aptis/modules/examdelivery/ExamAttemptControllerAndServiceTest.java:[125,86] method uploadSpeakingRecording in class com.aptis.modules.examdelivery.controller.ExamAttemptController cannot be applied to given types;
  required: java.lang.Long,org.springframework.web.multipart.MultipartFile,java.lang.Long,com.aptis.common.security.JwtPrincipal
  found:    java.lang.Long,org.springframework.mock.web.MockMultipartFile,java.lang.Long
  reason: actual and formal argument lists differ in length
[ERROR] /D:/GitHub/aptis/aptis-api/src/test/java/com/aptis/modules/examdelivery/ExamAttemptControllerAndServiceTest.java:[149,83] method submitAnswer in class com.aptis.modules.examdelivery.controller.ExamAttemptController cannot be applied to given types;
  required: java.lang.Long,com.aptis.modules.examdelivery.dto.SubmitAnswerRequest,com.aptis.common.security.JwtPrincipal
  found:    java.lang.Long,com.aptis.modules.examdelivery.dto.SubmitAnswerRequest
  reason: actual and formal argument lists differ in length
[ERROR] /D:/GitHub/aptis/aptis-api/src/test/java/com/aptis/modules/examdelivery/service/ExamAttemptAccessGuardTest.java:[44,19] ExamAttempt() has protected access in com.aptis.modules.examdelivery.domain.ExamAttempt
[ERROR] /D:/GitHub/aptis/aptis-api/src/test/java/com/aptis/modules/examdelivery/service/ExamAttemptAccessGuardTest.java:[51,16] Exam() has protected access in com.aptis.modules.examoperations.domain.Exam
[ERROR] /D:/GitHub/aptis/aptis-api/src/test/java/com/aptis/modules/examdelivery/service/ExamAttemptServiceTest.java:[47,23] ExamAttempt() has protected access in com.aptis.modules.examdelivery.domain.ExamAttempt
[INFO] 10 errors 
[INFO] -------------------------------------------------------------
[INFO] ------------------------------------------------------------------------
[INFO] BUILD FAILURE
[INFO] ------------------------------------------------------------------------
[INFO] Total time:  8.770 s
[INFO] Finished at: 2026-07-16T00:35:43+07:00
[INFO] ------------------------------------------------------------------------
[ERROR] Failed to execute goal org.apache.maven.plugins:maven-compiler-plugin:3.15.0:testCompile (default-testCompile) on project aptis-api: Compilation failure: Compilation failure: 
[ERROR] /D:/GitHub/aptis/aptis-api/src/test/java/com/aptis/modules/examdelivery/ExamAttemptControllerAndServiceTest.java:[52,53] incompatible types: com.aptis.modules.examdelivery.repository.ExamAttemptRepository cannot be converted to com.aptis.modules.examdelivery.repository.AttemptAnswerRepository
[ERROR] /D:/GitHub/aptis/aptis-api/src/test/java/com/aptis/modules/examdelivery/ExamAttemptControllerAndServiceTest.java:[53,33] constructor ExamAttemptController in class com.aptis.modules.examdelivery.controller.ExamAttemptController cannot be applied to given types;
[ERROR]   required: com.aptis.modules.examdelivery.service.ExamAttemptService,com.aptis.modules.examdelivery.service.ExamContentDeliveryService,com.aptis.modules.examdelivery.service.ExamAttemptAccessGuard,com.aptis.modules.storage.interfaces.StorageService
[ERROR]   found:    com.aptis.modules.examdelivery.service.ExamAttemptService,com.aptis.modules.storage.interfaces.StorageService
[ERROR]   reason: actual and formal argument lists differ in length
[ERROR] /D:/GitHub/aptis/aptis-api/src/test/java/com/aptis/modules/examdelivery/ExamAttemptControllerAndServiceTest.java:[68,27] method submitAnswer in class com.aptis.modules.examdelivery.service.ExamAttemptService cannot be applied to given types;
[ERROR]   required: java.lang.Long,com.aptis.modules.examdelivery.dto.SubmitAnswerRequest,com.aptis.common.security.JwtPrincipal
[ERROR]   found:    java.lang.Long,com.aptis.modules.examdelivery.dto.SubmitAnswerRequest
[ERROR]   reason: actual and formal argument lists differ in length
[ERROR] /D:/GitHub/aptis/aptis-api/src/test/java/com/aptis/modules/examdelivery/ExamAttemptControllerAndServiceTest.java:[88,27] method submitAnswer in class com.aptis.modules.examdelivery.service.ExamAttemptService cannot be applied to given types;
[ERROR]   required: java.lang.Long,com.aptis.modules.examdelivery.dto.SubmitAnswerRequest,com.aptis.common.security.JwtPrincipal
[ERROR]   found:    java.lang.Long,com.aptis.modules.examdelivery.dto.SubmitAnswerRequest
[ERROR]   reason: actual and formal argument lists differ in length
[ERROR] /D:/GitHub/aptis/aptis-api/src/test/java/com/aptis/modules/examdelivery/ExamAttemptControllerAndServiceTest.java:[108,35] method submitAnswer in class com.aptis.modules.examdelivery.service.ExamAttemptService cannot be applied to given types;
[ERROR]   required: java.lang.Long,com.aptis.modules.examdelivery.dto.SubmitAnswerRequest,com.aptis.common.security.JwtPrincipal
[ERROR]   found:    java.lang.Long,com.aptis.modules.examdelivery.dto.SubmitAnswerRequest
[ERROR]   reason: actual and formal argument lists differ in length
[ERROR] /D:/GitHub/aptis/aptis-api/src/test/java/com/aptis/modules/examdelivery/ExamAttemptControllerAndServiceTest.java:[125,86] method uploadSpeakingRecording in class com.aptis.modules.examdelivery.controller.ExamAttemptController cannot be applied to given types;
[ERROR]   required: java.lang.Long,org.springframework.web.multipart.MultipartFile,java.lang.Long,com.aptis.common.security.JwtPrincipal
[ERROR]   found:    java.lang.Long,org.springframework.mock.web.MockMultipartFile,java.lang.Long
[ERROR]   reason: actual and formal argument lists differ in length
[ERROR] /D:/GitHub/aptis/aptis-api/src/test/java/com/aptis/modules/examdelivery/ExamAttemptControllerAndServiceTest.java:[149,83] method submitAnswer in class com.aptis.modules.examdelivery.controller.ExamAttemptController cannot be applied to given types;
[ERROR]   required: java.lang.Long,com.aptis.modules.examdelivery.dto.SubmitAnswerRequest,com.aptis.common.security.JwtPrincipal
[ERROR]   found:    java.lang.Long,com.aptis.modules.examdelivery.dto.SubmitAnswerRequest
[ERROR]   reason: actual and formal argument lists differ in length
[ERROR] /D:/GitHub/aptis/aptis-api/src/test/java/com/aptis/modules/examdelivery/service/ExamAttemptAccessGuardTest.java:[44,19] ExamAttempt() has protected access in com.aptis.modules.examdelivery.domain.ExamAttempt
[ERROR] /D:/GitHub/aptis/aptis-api/src/test/java/com/aptis/modules/examdelivery/service/ExamAttemptAccessGuardTest.java:[51,16] Exam() has protected access in com.aptis.modules.examoperations.domain.Exam
[ERROR] /D:/GitHub/aptis/aptis-api/src/test/java/com/aptis/modules/examdelivery/service/ExamAttemptServiceTest.java:[47,23] ExamAttempt() has protected access in com.aptis.modules.examdelivery.domain.ExamAttempt
[ERROR] -> [Help 1]
[ERROR] 
[ERROR] To see the full stack trace of the errors, re-run Maven with the -e switch.
[ERROR] Re-run Maven using the -X switch to enable full debug logging.
[ERROR] 
[ERROR] For more information about the errors and possible solutions, please read the following articles:
[ERROR] [Help 1] http://cwiki.apache.org/confluence/display/MAVEN/MojoFailureException
