[INFO] Scanning for projects...
[INFO] 
[INFO] ------------------------< com.aptis:aptis-api >-------------------------
[INFO] Building  0.0.1-SNAPSHOT
[INFO]   from pom.xml
[INFO] --------------------------------[ jar ]---------------------------------
[INFO] 
[INFO] --- resources:3.5.0:resources (default-resources) @ aptis-api ---
[INFO] Copying 1 resource from src\main\resources to target\classes
[INFO] Copying 10 resources from src\main\resources to target\classes
[INFO] 
[INFO] --- compiler:3.15.0:compile (default-compile) @ aptis-api ---
[INFO] Nothing to compile - all classes are up to date.
[INFO] 
[INFO] --- resources:3.5.0:testResources (default-testResources) @ aptis-api ---
[INFO] Copying 0 resource from src\test\resources to target\test-classes
[INFO] 
[INFO] --- compiler:3.15.0:testCompile (default-testCompile) @ aptis-api ---
[INFO] Recompiling the module because of changed source code.
[INFO] Compiling 21 source files with javac [debug parameters release 21] to target\test-classes
WARNING: A terminally deprecated method in sun.misc.Unsafe has been called
WARNING: sun.misc.Unsafe::objectFieldOffset has been called by lombok.permit.Permit
WARNING: Please consider reporting this to the maintainers of class lombok.permit.Permit
WARNING: sun.misc.Unsafe::objectFieldOffset will be removed in a future release
[INFO] /D:/GitHub/aptis/aptis-api/src/test/java/com/aptis/modules/examdelivery/service/ProctorActionServiceTest.java: Some input files use unchecked or unsafe operations.
[INFO] /D:/GitHub/aptis/aptis-api/src/test/java/com/aptis/modules/examdelivery/service/ProctorActionServiceTest.java: Recompile with -Xlint:unchecked for details.
[INFO] -------------------------------------------------------------
[ERROR] COMPILATION ERROR : 
[INFO] -------------------------------------------------------------
[ERROR] /D:/GitHub/aptis/aptis-api/src/test/java/com/aptis/modules/examdelivery/service/ProctorActionServiceTest.java:[69,31] ExamAttempt() has protected access in com.aptis.modules.examdelivery.domain.ExamAttempt
[ERROR] /D:/GitHub/aptis/aptis-api/src/test/java/com/aptis/modules/examdelivery/service/ProctorBroadcastServiceTest.java:[82,44] incompatible types: java.lang.Long cannot be converted to int
[ERROR] /D:/GitHub/aptis/aptis-api/src/test/java/com/aptis/modules/examdelivery/service/ProctorBroadcastServiceTest.java:[114,43] error: reference to convertAndSend is ambiguous
        verify(messagingTemplate, never()).convertAndSend(any(), any());
                                          ^
  both method convertAndSend(java.lang.Object,java.util.Map<java.lang.String,java.lang.Object>) in org.springframework.messaging.core.AbstractMessageSendingTemplate and method convertAndSend(java.lang.Object,@org.jspecify.annotations.Nullable org.springframework.messaging.core.MessagePostProcessor) in org.springframework.messaging.core.AbstractMessageSendingTemplate match
[ERROR] /D:/GitHub/aptis/aptis-api/src/test/java/com/aptis/modules/examdelivery/service/ProctorBroadcastServiceTest.java:[132,43] reference to convertAndSend is ambiguous
  both method convertAndSend(java.lang.Object,java.util.Map<java.lang.String,java.lang.Object>) in org.springframework.messaging.core.AbstractMessageSendingTemplate and method convertAndSend(java.lang.Object,@org.jspecify.annotations.Nullable org.springframework.messaging.core.MessagePostProcessor) in org.springframework.messaging.core.AbstractMessageSendingTemplate match
[ERROR] /D:/GitHub/aptis/aptis-api/src/test/java/com/aptis/modules/examdelivery/service/ProctorBroadcastServiceTest.java:[148,43] reference to convertAndSend is ambiguous
  both method convertAndSend(java.lang.Object,java.util.Map<java.lang.String,java.lang.Object>) in org.springframework.messaging.core.AbstractMessageSendingTemplate and method convertAndSend(java.lang.Object,@org.jspecify.annotations.Nullable org.springframework.messaging.core.MessagePostProcessor) in org.springframework.messaging.core.AbstractMessageSendingTemplate match
[ERROR] /D:/GitHub/aptis/aptis-api/src/test/java/com/aptis/modules/examdelivery/service/ProctorBroadcastServiceTest.java:[171,34] reference to convertAndSend is ambiguous
  both method convertAndSend(java.lang.Object,java.util.Map<java.lang.String,java.lang.Object>) in org.springframework.messaging.core.AbstractMessageSendingTemplate and method convertAndSend(java.lang.Object,@org.jspecify.annotations.Nullable org.springframework.messaging.core.MessagePostProcessor) in org.springframework.messaging.core.AbstractMessageSendingTemplate match
[INFO] 6 errors 
[INFO] -------------------------------------------------------------
[INFO] ------------------------------------------------------------------------
[INFO] BUILD FAILURE
[INFO] ------------------------------------------------------------------------
[INFO] Total time:  5.770 s
[INFO] Finished at: 2026-07-16T02:01:04+07:00
[INFO] ------------------------------------------------------------------------
[ERROR] Failed to execute goal org.apache.maven.plugins:maven-compiler-plugin:3.15.0:testCompile (default-testCompile) on project aptis-api: Compilation failure: Compilation failure: 
[ERROR] /D:/GitHub/aptis/aptis-api/src/test/java/com/aptis/modules/examdelivery/service/ProctorActionServiceTest.java:[69,31] ExamAttempt() has protected access in com.aptis.modules.examdelivery.domain.ExamAttempt
[ERROR] /D:/GitHub/aptis/aptis-api/src/test/java/com/aptis/modules/examdelivery/service/ProctorBroadcastServiceTest.java:[82,44] incompatible types: java.lang.Long cannot be converted to int
[ERROR] /D:/GitHub/aptis/aptis-api/src/test/java/com/aptis/modules/examdelivery/service/ProctorBroadcastServiceTest.java:[114,43] error: reference to convertAndSend is ambiguous
[ERROR]         verify(messagingTemplate, never()).convertAndSend(any(), any());
[ERROR]                                           ^
[ERROR]   both method convertAndSend(java.lang.Object,java.util.Map<java.lang.String,java.lang.Object>) in org.springframework.messaging.core.AbstractMessageSendingTemplate and method convertAndSend(java.lang.Object,@org.jspecify.annotations.Nullable org.springframework.messaging.core.MessagePostProcessor) in org.springframework.messaging.core.AbstractMessageSendingTemplate match
[ERROR] /D:/GitHub/aptis/aptis-api/src/test/java/com/aptis/modules/examdelivery/service/ProctorBroadcastServiceTest.java:[132,43] reference to convertAndSend is ambiguous
[ERROR]   both method convertAndSend(java.lang.Object,java.util.Map<java.lang.String,java.lang.Object>) in org.springframework.messaging.core.AbstractMessageSendingTemplate and method convertAndSend(java.lang.Object,@org.jspecify.annotations.Nullable org.springframework.messaging.core.MessagePostProcessor) in org.springframework.messaging.core.AbstractMessageSendingTemplate match
[ERROR] /D:/GitHub/aptis/aptis-api/src/test/java/com/aptis/modules/examdelivery/service/ProctorBroadcastServiceTest.java:[148,43] reference to convertAndSend is ambiguous
[ERROR]   both method convertAndSend(java.lang.Object,java.util.Map<java.lang.String,java.lang.Object>) in org.springframework.messaging.core.AbstractMessageSendingTemplate and method convertAndSend(java.lang.Object,@org.jspecify.annotations.Nullable org.springframework.messaging.core.MessagePostProcessor) in org.springframework.messaging.core.AbstractMessageSendingTemplate match
[ERROR] /D:/GitHub/aptis/aptis-api/src/test/java/com/aptis/modules/examdelivery/service/ProctorBroadcastServiceTest.java:[171,34] reference to convertAndSend is ambiguous
[ERROR]   both method convertAndSend(java.lang.Object,java.util.Map<java.lang.String,java.lang.Object>) in org.springframework.messaging.core.AbstractMessageSendingTemplate and method convertAndSend(java.lang.Object,@org.jspecify.annotations.Nullable org.springframework.messaging.core.MessagePostProcessor) in org.springframework.messaging.core.AbstractMessageSendingTemplate match
[ERROR] -> [Help 1]
[ERROR] 
[ERROR] To see the full stack trace of the errors, re-run Maven with the -e switch.
[ERROR] Re-run Maven using the -X switch to enable full debug logging.
[ERROR] 
[ERROR] For more information about the errors and possible solutions, please read the following articles:
[ERROR] [Help 1] http://cwiki.apache.org/confluence/display/MAVEN/MojoFailureException
